"connection.north-europe.azure.keboola.com","test 3"
"connection.north-europe.azure.keboola.com","test 4"
