"2","connection.north-europe.azure.keboola.com","test 7"
"2","connection.north-europe.azure.keboola.com","test 8"
