"2","ownStackId","3","connection.keboola.com","","","2020-12-01 08:09:10","test 18"
"2","ownStackId","3","connection.keboola.com","","","2020-12-01 08:09:10","test 19"
"2","ownStackId","3","connection.keboola.com","","","2020-12-01 08:09:10","test 20"