"2","connection.north-europe.azure.keboola.com","3","connection.keboola.com","2020-12-01 18:09:10","test 17"
"2","connection.north-europe.azure.keboola.com","2","connection.north-europe.azure.keboola.com","2020-12-02 08:09:10","test 2"
