"2","connection.north-europe.azure.keboola.com","2","connection.north-europe.azure.keboola.com","","","2020-12-01 08:09:10","test 2"
"2","connection.north-europe.azure.keboola.com","3","connection.north-europe.azure.keboola.com","","","2020-12-01 08:09:10","test 7"
"2","connection.north-europe.azure.keboola.com","2","connection.keboola.com","","","2020-12-01 08:09:10","test 12"
"2","connection.north-europe.azure.keboola.com","3","connection.keboola.com","","","2020-12-01 08:09:10","test 17"
