{"data":{"lastFetchedValue":"2020-12-01 10:09:10"}}