{"data":{"lastFetchedValue":"2020-12-01 08:09:10"}}
