"2","connection.north-europe.azure.keboola.com","2","connection.north-europe.azure.keboola.com","2020-12-02 08:09:10","test 2"
"3","connection.north-europe.azure.keboola.com","2","connection.north-europe.azure.keboola.com","2020-12-03 08:09:10","test 3"
"4","connection.north-europe.azure.keboola.com","2","connection.north-europe.azure.keboola.com","2020-12-04 08:09:10","test 4"
