"4","connection.north-europe.azure.keboola.com","2","connection.keboola.com","2","connection.north-europe.azure.keboola.com","2020-12-01 08:09:10","test 14"
"5","connection.north-europe.azure.keboola.com","2","connection.keboola.com","2","connection.north-europe.azure.keboola.com","2020-12-01 08:09:10","test 15"
"1","connection.north-europe.azure.keboola.com","3","connection.keboola.com","2","connection.north-europe.azure.keboola.com","2020-12-01 08:09:10","test 16"
